******************************************************************************
          TMS320C6x COFF Linker PC v6.0.8                      
******************************************************************************
>> Linked Tue Jul 18 20:58:00 2017

OUTPUT FILE NAME:   <./Debug/expt4.out>
ENTRY POINT SYMBOL: "_c_int00"  address: 00000740


SECTION ALLOCATION MAP

 output                                  attributes/
section   page    origin      length       input sections
--------  ----  ----------  ----------   ----------------
.switch    0    00000004    00000000     UNINITIALIZED

.bss       0    00000008    00000000     UNINITIALIZED

.cio       0    00000008    00000000     UNINITIALIZED

.const     0    00000008    00000000     UNINITIALIZED

.data      0    00000008    00000000     UNINITIALIZED

.pinit     0    00000008    00000000     UNINITIALIZED

.sysmem    0    00000008    00000000     UNINITIALIZED

.text      0    00000020    00000820     
                  00000020    00000280     circular_convolution.obj (.text)
                  000002a0    00000240     rts6700.lib : memcpy62.obj (.text:_memcpy)
                  000004e0    00000140                 : exit.obj (.text:_exit)
                  00000620    00000120                 : autoinit.obj (.text:__auto_init)
                  00000740    00000080                 : boot.obj (.text:_c_int00)
                  000007c0    00000040                 : args_main.obj (.text:__args_main)
                  00000800    00000020                 : _lock.obj (.text:__nop)
                  00000820    00000020                 : exit.obj (.text:_abort)

.stack     0    00000840    000000c8     UNINITIALIZED
                  00000840    00000008     rts6700.lib : boot.obj (.stack)

.far       0    00000908    00000094     UNINITIALIZED
                  00000908    0000008c     rts6700.lib : exit.obj (.far)
                  00000994    00000008                 : _lock.obj (.far)

.cinit     0    000009a0    00000054     
                  000009a0    0000002c     rts6700.lib : exit.obj (.cinit)
                  000009cc    00000004     --HOLE-- [fill = 0]
                  000009d0    0000001c                 : _lock.obj (.cinit)
                  000009ec    00000008     --HOLE-- [fill = 0]


GLOBAL SYMBOLS: SORTED ALPHABETICALLY BY Name 

address    name
--------   ----
00000008   $bss
00000008   .bss
00000008   .data
00000020   .text
00000820   C$$EXIT
000000c8   __STACK_SIZE
ffffffff   ___binit__
00000008   ___bss__
ffffffff   ___c_args__
000009a0   ___cinit__
00000008   ___data__
00000008   ___edata__
00000008   ___end__
00000840   ___etext__
ffffffff   ___pinit__
00000020   ___text__
000007c0   __args_main
00000620   __auto_init
0000098c   __cleanup_ptr
00000990   __dtors_ptr
00000994   __lock
00000800   __nop
00000840   __stack
00000998   __unlock
00000820   _abort
00000740   _c_int00
000004e0   _exit
00000020   _main
000002a0   _memcpy
ffffffff   binit
000009a0   cinit
00000008   edata
00000008   end
00000840   etext
ffffffff   pinit


GLOBAL SYMBOLS: SORTED BY Symbol Address 

address    name
--------   ----
00000008   $bss
00000008   .bss
00000008   .data
00000008   ___bss__
00000008   ___data__
00000008   ___edata__
00000008   ___end__
00000008   edata
00000008   end
00000020   .text
00000020   ___text__
00000020   _main
000000c8   __STACK_SIZE
000002a0   _memcpy
000004e0   _exit
00000620   __auto_init
00000740   _c_int00
000007c0   __args_main
00000800   __nop
00000820   C$$EXIT
00000820   _abort
00000840   ___etext__
00000840   __stack
00000840   etext
0000098c   __cleanup_ptr
00000990   __dtors_ptr
00000994   __lock
00000998   __unlock
000009a0   ___cinit__
000009a0   cinit
ffffffff   ___binit__
ffffffff   ___c_args__
ffffffff   ___pinit__
ffffffff   binit
ffffffff   pinit

[35 symbols]
