******************************************************************************
          TMS320C6x COFF Linker PC v6.0.8                      
******************************************************************************
>> Linked Tue Aug 01 18:34:06 2017

OUTPUT FILE NAME:   <./Debug/power_spectral_analysis.out>
ENTRY POINT SYMBOL: "_c_int00"  address: 00001b80


SECTION ALLOCATION MAP

 output                                  attributes/
section   page    origin      length       input sections
--------  ----  ----------  ----------   ----------------
.switch    0    00000004    00000010     
                  00000004    00000010     rts6700.lib : frcdivd.obj (.switch)

.bss       0    00000008    00000000     UNINITIALIZED

.cio       0    00000008    00000000     UNINITIALIZED

.const     0    00000008    00000000     UNINITIALIZED

.data      0    00000008    00000000     UNINITIALIZED

.pinit     0    00000008    00000000     UNINITIALIZED

.sysmem    0    00000008    00000000     UNINITIALIZED

.text      0    00000020    00001ca0     
                  00000020    000005c0     power_spectral_analysis.obj (.text)
                  000005e0    000003a0     rts6700.lib : cos.obj (.text:_cos)
                  00000980    00000360                 : sin.obj (.text:_sin)
                  00000ce0    00000320                 : frcdivd.obj (.text:__frcdivd)
                  00001000    00000280                 : divd.obj (.text:__divd)
                  00001280    00000240                 : memcpy62.obj (.text:_memcpy)
                  000014c0    000001a0                 : divf.obj (.text:__divf)
                  00001660    00000140                 : exit.obj (.text:_exit)
                  000017a0    00000120                 : autoinit.obj (.text:__auto_init)
                  000018c0    00000100                 : frcdivf.obj (.text:__frcdivf)
                  000019c0    000000e0                 : round.obj (.text:__round)
                  00001aa0    000000e0                 : modf.obj (.text:_modf)
                  00001b80    00000080                 : boot.obj (.text:_c_int00)
                  00001c00    00000040                 : args_main.obj (.text:__args_main)
                  00001c40    00000040                 : trunc.obj (.text:__trunc)
                  00001c80    00000020                 : _lock.obj (.text:__nop)
                  00001ca0    00000020                 : exit.obj (.text:_abort)

.far       0    00001cc0    00000118     UNINITIALIZED
                  00001cc0    0000008c     rts6700.lib : exit.obj (.far)
                  00001d50    00000040                 : cos.obj (.far)
                  00001d90    00000040                 : sin.obj (.far)
                  00001dd0    00000008                 : _lock.obj (.far)

.cinit     0    00001dd8    000000e4     
                  00001dd8    00000048     rts6700.lib : cos.obj (.cinit)
                  00001e20    00000048                 : sin.obj (.cinit)
                  00001e68    0000002c                 : exit.obj (.cinit)
                  00001e94    00000004     --HOLE-- [fill = 0]
                  00001e98    0000001c                 : _lock.obj (.cinit)
                  00001eb4    00000008     --HOLE-- [fill = 0]

.stack     0    00001ec0    000000c8     UNINITIALIZED
                  00001ec0    00000008     rts6700.lib : boot.obj (.stack)


GLOBAL SYMBOLS: SORTED ALPHABETICALLY BY Name 

address    name
--------   ----
00000008   $bss
00000008   .bss
00000008   .data
00000020   .text
00001ca0   C$$EXIT
000000c8   __STACK_SIZE
ffffffff   ___binit__
00000008   ___bss__
ffffffff   ___c_args__
00001dd8   ___cinit__
00000008   ___data__
00000008   ___edata__
00000008   ___end__
00001cc0   ___etext__
ffffffff   ___pinit__
00000020   ___text__
00001c00   __args_main
000017a0   __auto_init
00001d44   __cleanup_ptr
00001000   __divd
000014c0   __divf
00001d48   __dtors_ptr
00000ce0   __frcdivd
000018c0   __frcdivf
00001dd0   __lock
00001c80   __nop
000019c0   __round
00001ec0   __stack
00001c40   __trunc
00001dd4   __unlock
00001ca0   _abort
00001b80   _c_int00
000005e0   _cos
00001660   _exit
00000020   _main
00001280   _memcpy
00001aa0   _modf
00000980   _sin
ffffffff   binit
00001dd8   cinit
00000008   edata
00000008   end
00001cc0   etext
ffffffff   pinit


GLOBAL SYMBOLS: SORTED BY Symbol Address 

address    name
--------   ----
00000008   $bss
00000008   .bss
00000008   .data
00000008   ___bss__
00000008   ___data__
00000008   ___edata__
00000008   ___end__
00000008   edata
00000008   end
00000020   .text
00000020   ___text__
00000020   _main
000000c8   __STACK_SIZE
000005e0   _cos
00000980   _sin
00000ce0   __frcdivd
00001000   __divd
00001280   _memcpy
000014c0   __divf
00001660   _exit
000017a0   __auto_init
000018c0   __frcdivf
000019c0   __round
00001aa0   _modf
00001b80   _c_int00
00001c00   __args_main
00001c40   __trunc
00001c80   __nop
00001ca0   C$$EXIT
00001ca0   _abort
00001cc0   ___etext__
00001cc0   etext
00001d44   __cleanup_ptr
00001d48   __dtors_ptr
00001dd0   __lock
00001dd4   __unlock
00001dd8   ___cinit__
00001dd8   cinit
00001ec0   __stack
ffffffff   ___binit__
ffffffff   ___c_args__
ffffffff   ___pinit__
ffffffff   binit
ffffffff   pinit

[44 symbols]
